condition                  controller        cost     lat    jerk   over%  t90  ripple
v=8 m/s (low speed)        pid (stock)     424.18  388.21   35.97     0.9    9   0.022
v=8 m/s (low speed)        pid_boot        139.21  119.86   19.35     1.0   11   0.032
v=8 m/s (low speed)        ff_pi_boot      137.96  112.57   25.39    10.9    5   0.047
v=8 m/s (low speed)        cnn_v2          123.57   90.34   33.23    16.4    4   0.047

v=22 m/s (nominal)         pid (stock)     353.39  305.56   47.83     1.4   13   0.016
v=22 m/s (nominal)         pid_boot        136.23  109.73   26.50     0.3   12   0.053
v=22 m/s (nominal)         ff_pi_boot      108.54   78.40   30.14     1.3    5   0.065
v=22 m/s (nominal)         cnn_v2          104.93   66.84   38.09     6.4    4   0.073

v=34 m/s (high speed)      pid (stock)     373.12  288.27   84.85     1.3    7   0.032
v=34 m/s (high speed)      pid_boot        155.83  108.55   47.28     1.6   10   0.057
v=34 m/s (high speed)      ff_pi_boot      138.56   89.85   48.72     0.9    5   0.080
v=34 m/s (high speed)      cnn_v2          145.05   83.40   61.65     6.2    3   0.098

roll = -1.0 (off-camber)   pid (stock)    1059.50  837.58  221.92    46.8    7   0.212
roll = -1.0 (off-camber)   pid_boot        610.50  459.36  151.13    30.8    5   0.101
roll = -1.0 (off-camber)   ff_pi_boot      161.48  102.45   59.03     4.7    3   0.071
roll = -1.0 (off-camber)   cnn_v2          167.70  107.21   60.49     7.7    3   0.062

roll = +1.0                pid (stock)     682.48  567.88  114.60     4.1    9   0.018
roll = +1.0                pid_boot        438.58  346.86   91.71    -0.0    7   0.040
roll = +1.0                ff_pi_boot      167.73  121.56   46.16     5.7    5   0.062
roll = +1.0                cnn_v2          158.14  101.42   56.72    12.7    4   0.061

a_ego = +2 (accelerating)  pid (stock)     391.56  339.08   52.48     2.2    8   0.027
a_ego = +2 (accelerating)  pid_boot        139.09  111.51   27.58     1.8   11   0.047
a_ego = +2 (accelerating)  ff_pi_boot      118.26   85.89   32.37     2.4    5   0.059
a_ego = +2 (accelerating)  cnn_v2          106.37   67.27   39.09     5.0    3   0.067

gentle step (0.5)          pid (stock)     101.39   84.16   17.23    -3.2   16   0.008
gentle step (0.5)          pid_boot         56.50   44.03   12.47    -4.5   19   0.030
gentle step (0.5)          ff_pi_boot       43.61   30.50   13.11    -3.6    9   0.033
gentle step (0.5)          cnn_v2           39.85   24.71   15.14    -2.7    4   0.038

hard corner entry (2.5)    pid (stock)    4719.84 3967.05  752.79    35.4    8   0.397
hard corner entry (2.5)    pid_boot       1074.54  771.12  303.42     2.4    6   0.172
hard corner entry (2.5)    ff_pi_boot      706.24  483.24  223.01     8.8    4   0.233
hard corner entry (2.5)    cnn_v2         1159.22  843.95  315.27    28.9    4   0.238

=== conditions ranked by DIFFICULTY (mean cost across the four controllers) ===
  gentle step (0.5)            mean cost    60.33   spread across controllers   61.54
  v=22 m/s (nominal)           mean cost   175.77   spread across controllers  248.46
  a_ego = +2 (accelerating)    mean cost   188.82   spread across controllers  285.19
  v=34 m/s (high speed)        mean cost   203.14   spread across controllers  234.55
  v=8 m/s (low speed)          mean cost   206.23   spread across controllers  300.61
  roll = +1.0                  mean cost   361.73   spread across controllers  524.33
  roll = -1.0 (off-camber)     mean cost   499.79   spread across controllers  898.02
  hard corner entry (2.5)      mean cost  1914.96   spread across controllers 4013.60
