=== STEP MAGNITUDE sweep, 4 seeds x NREP=96, error bars = std over seeds ===

  nominal  v=22 c0=0   (u0=+0.000)
         du          DC gain  resp size  dead  t90
      -1.50    2.065 +- 0.012      3.098   3.0 15.5
      -1.00    1.345 +- 0.012      1.345   3.0  7.5
      -0.60    1.390 +- 0.020      0.834   3.0  6.0
      -0.30    1.376 +- 0.068      0.413   3.0  6.0
      -0.15    1.426 +- 0.140      0.214   2.8  6.0
      +0.15    1.609 +- 0.163      0.241   2.0  6.5
      +0.30    1.521 +- 0.077      0.456   2.2  5.8
      +0.60    1.614 +- 0.010      0.968   2.0  6.0
      +1.00    1.627 +- 0.026      1.627   2.5 10.0
      +1.50    2.202 +- 0.021      3.302   3.2 13.8

  low speed v=8 c0=0   (u0=+0.000)
         du          DC gain  resp size  dead  t90
      -1.50    1.610 +- 0.003      2.415   4.5 10.2
      -1.00    1.279 +- 0.006      1.279   4.0 11.0
      -0.60    1.298 +- 0.015      0.779   3.8  6.0
      -0.30    1.360 +- 0.013      0.408   3.5  5.5
      -0.15    1.230 +- 0.037      0.185   3.2  5.0
      +0.15    1.683 +- 0.072      0.253   3.2  5.2
      +0.30    1.379 +- 0.011      0.414   3.0  5.2
      +0.60    1.483 +- 0.011      0.890   3.0  6.0
      +1.00    1.495 +- 0.011      1.495   4.0  6.8
      +1.50    1.804 +- 0.005      2.706   4.0 11.2

  in a curve v=22 c0=1.0   (u0=+0.678)
         du          DC gain  resp size  dead  t90
      -1.50    1.355 +- 0.005      2.033   3.0 11.8
      -1.00    1.390 +- 0.011      1.390   3.0  7.0
      -0.60    1.578 +- 0.026      0.947   3.0  6.0
      -0.30    1.727 +- 0.022      0.518   3.0  5.5
      -0.15    1.468 +- 0.054      0.220   2.2  5.0
      +0.15    1.908 +- 0.042      0.286   2.0  6.0
      +0.30    1.881 +- 0.045      0.564   2.2  6.0
      +0.60    2.232 +- 0.031      1.339   3.0 11.2
      +1.00    3.902 +- 0.023      3.902   3.0 11.0
      +1.50    2.632 +- 0.011      3.947   2.5  9.0
